waiting 283s for 09:00 ET pre-market step
paper run 2026-09-29 | budget $5000 | gex negative
[10:00] METF SELL CALL 7720.0/7750.0 credit 1.58 stop 3.15
[10:30] ORB BUY PUT 7680.0/7650.0 debit 8.30 stop 4.15
[10:30] band 7660-7710 em 22.4 skew 1.124
[10:35] BAND IRON_CONDOR credit 6.60 stop/side 6.60 size 1.0
[10:45] METF SELL CALL 7715.0/7745.0 credit 1.82 stop 3.65
  2026-09-29-BAND-PUT STOPPED @ 7.12 pnl -340
[11:30] METF SELL CALL 7695.0/7725.0 credit 1.80 stop 3.60
[12:00] MEIC IRON_CONDOR credit 3.40 stop/side 3.40
[12:30] METF SELL CALL 7690.0/7720.0 credit 1.70 stop 3.40
[12:30] MEIC IRON_CONDOR credit 3.45 stop/side 3.45
[13:00] MEIC IRON_CONDOR credit 3.67 stop/side 3.67
[13:00] FLY IRON_FLY @ 7660 credit 16.77 TP 12.58 SL 20.97
tracking cycle skipped: Schwab auth failed: token refresh failed: HTTP 400
tracking cycle skipped: Schwab auth failed: token refresh failed: HTTP 400
tracking cycle skipped: Schwab auth failed: token refresh failed: HTTP 400
tracking cycle skipped: Schwab auth failed: token refresh failed: HTTP 400
[13:30] METF SKIP/DATA Schwab auth failed: token refresh failed: HTTP 400
[13:30] MEIC SKIP/DATA Schwab auth failed: token refresh failed: HTTP 400
tracking cycle skipped: Schwab auth failed: token refresh failed: HTTP 400
tracking cycle skipped: Schwab auth failed: token refresh failed: HTTP 400
tracking cycle skipped: Schwab auth failed: token refresh failed: HTTP 400
tracking cycle skipped: Schwab auth failed: token refresh failed: HTTP 400
tracking cycle skipped: Schwab auth failed: token refresh failed: HTTP 400
tracking cycle skipped: Schwab auth failed: token refresh failed: HTTP 400
tracking cycle skipped: Schwab auth failed: token refresh failed: HTTP 400
tracking cycle skipped: Schwab auth failed: token refresh failed: HTTP 400
tracking cycle skipped: Schwab auth failed: token refresh failed: HTTP 400
tracking cycle skipped: Schwab auth failed: token refresh failed: HTTP 400
tracking cycle skipped: Schwab auth failed: token refresh failed: HTTP 400
tracking cycle skipped: Schwab auth failed: token refresh failed: HTTP 400
tracking cycle skipped: Schwab auth failed: token refresh failed: HTTP 400
tracking cycle skipped: Schwab auth failed: token refresh failed: HTTP 400
tracking cycle skipped: Schwab auth failed: token refresh failed: HTTP 400
tracking cycle skipped: Schwab auth failed: token refresh failed: HTTP 400
tracking cycle skipped: Schwab auth failed: token refresh failed: HTTP 400
tracking cycle skipped: Schwab auth failed: token refresh failed: HTTP 400
tracking cycle skipped: Schwab auth failed: token refresh failed: HTTP 400
tracking cycle skipped: Schwab auth failed: token refresh failed: HTTP 400
tracking cycle skipped: Schwab auth failed: token refresh failed: HTTP 400
tracking cycle skipped: Schwab auth failed: token refresh failed: HTTP 400
tracking cycle skipped: Schwab auth failed: token refresh failed: HTTP 400
tracking cycle skipped: Schwab auth failed: token refresh failed: HTTP 400
tracking cycle skipped: Schwab auth failed: token refresh failed: HTTP 400
tracking cycle skipped: Schwab auth failed: token refresh failed: HTTP 400
tracking cycle skipped: Schwab auth failed: token refresh failed: HTTP 400
tracking cycle skipped: Schwab auth failed: token refresh failed: HTTP 400
tracking cycle skipped: Schwab auth failed: token refresh failed: HTTP 400
tracking cycle skipped: Schwab auth failed: token refresh failed: HTTP 400
[14:00] MEIC SKIP/DATA Schwab auth failed: token refresh failed: HTTP 400
tracking cycle skipped: Schwab auth failed: token refresh failed: HTTP 400
tracking cycle skipped: Schwab auth failed: token refresh failed: HTTP 400
tracking cycle skipped: Schwab auth failed: token refresh failed: HTTP 400
tracking cycle skipped: Schwab auth failed: token refresh failed: HTTP 400
tracking cycle skipped: Schwab auth failed: token refresh failed: HTTP 400
tracking cycle skipped: Schwab auth failed: token refresh failed: HTTP 400
tracking cycle skipped: Schwab auth failed: token refresh failed: HTTP 400
tracking cycle skipped: Schwab auth failed: token refresh failed: HTTP 400
tracking cycle skipped: Schwab auth failed: token refresh failed: HTTP 400
tracking cycle skipped: Schwab auth failed: token refresh failed: HTTP 400
tracking cycle skipped: Schwab auth failed: token refresh failed: HTTP 400
tracking cycle skipped: Schwab auth failed: token refresh failed: HTTP 400
tracking cycle skipped: Schwab auth failed: token refresh failed: HTTP 400
tracking cycle skipped: Schwab auth failed: token refresh failed: HTTP 400
tracking cycle skipped: Schwab auth failed: token refresh failed: HTTP 400
[14:15] METF SKIP/DATA Schwab auth failed: token refresh failed: HTTP 400
tracking cycle skipped: Schwab auth failed: token refresh failed: HTTP 400
tracking cycle skipped: Schwab auth failed: token refresh failed: HTTP 400
tracking cycle skipped: Schwab auth failed: token refresh failed: HTTP 400
tracking cycle skipped: Schwab auth failed: token refresh failed: HTTP 400
tracking cycle skipped: Schwab auth failed: token refresh failed: HTTP 400
tracking cycle skipped: Schwab auth failed: token refresh failed: HTTP 400
tracking cycle skipped: Schwab auth failed: token refresh failed: HTTP 400
tracking cycle skipped: Schwab auth failed: token refresh failed: HTTP 400
tracking cycle skipped: Schwab auth failed: token refresh failed: HTTP 400
tracking cycle skipped: Schwab auth failed: token refresh failed: HTTP 400
tracking cycle skipped: Schwab auth failed: token refresh failed: HTTP 400
tracking cycle skipped: Schwab auth failed: token refresh failed: HTTP 400
tracking cycle skipped: Schwab auth failed: token refresh failed: HTTP 400
tracking cycle skipped: Schwab auth failed: token refresh failed: HTTP 400
tracking cycle skipped: Schwab auth failed: token refresh failed: HTTP 400
[14:30] MEIC SKIP/DATA Schwab auth failed: token refresh failed: HTTP 400
tracking cycle skipped: Schwab auth failed: token refresh failed: HTTP 400
tracking cycle skipped: Schwab auth failed: token refresh failed: HTTP 400
tracking cycle skipped: Schwab auth failed: token refresh failed: HTTP 400
tracking cycle skipped: Schwab auth failed: token refresh failed: HTTP 400
tracking cycle skipped: Schwab auth failed: token refresh failed: HTTP 400
tracking cycle skipped: Schwab auth failed: token refresh failed: HTTP 400
tracking cycle skipped: Schwab auth failed: token refresh failed: HTTP 400
tracking cycle skipped: Schwab auth failed: token refresh failed: HTTP 400
tracking cycle skipped: Schwab auth failed: token refresh failed: HTTP 400
tracking cycle skipped: Schwab auth failed: token refresh failed: HTTP 400
tracking cycle skipped: Schwab auth failed: token refresh failed: HTTP 400
tracking cycle skipped: Schwab auth failed: token refresh failed: HTTP 400
tracking cycle skipped: Schwab auth failed: token refresh failed: HTTP 400
tracking cycle skipped: Schwab auth failed: token refresh failed: HTTP 400
tracking cycle skipped: Schwab auth failed: token refresh failed: HTTP 400
tracking cycle skipped: Schwab auth failed: token refresh failed: HTTP 400
tracking cycle skipped: Schwab auth failed: token refresh failed: HTTP 400
tracking cycle skipped: Schwab auth failed: token refresh failed: HTTP 400
tracking cycle skipped: Schwab auth failed: token refresh failed: HTTP 400
tracking cycle skipped: Schwab auth failed: token refresh failed: HTTP 400
tracking cycle skipped: Schwab auth failed: token refresh failed: HTTP 400
tracking cycle skipped: Schwab auth failed: token refresh failed: HTTP 400
tracking cycle skipped: Schwab auth failed: token refresh failed: HTTP 400
tracking cycle skipped: Schwab auth failed: token refresh failed: HTTP 400
tracking cycle skipped: Schwab auth failed: token refresh failed: HTTP 400
tracking cycle skipped: Schwab auth failed: token refresh failed: HTTP 400
tracking cycle skipped: Schwab auth failed: token refresh failed: HTTP 400
tracking cycle skipped: Schwab auth failed: token refresh failed: HTTP 400
tracking cycle skipped: Schwab auth failed: token refresh failed: HTTP 400
tracking cycle skipped: Schwab auth failed: token refresh failed: HTTP 400
[15:00] LATE SKIP/DATA Schwab auth failed: token refresh failed: HTTP 400
tracking cycle skipped: Schwab auth failed: token refresh failed: HTTP 400
tracking cycle skipped: Schwab auth failed: token refresh failed: HTTP 400
tracking cycle skipped: Schwab auth failed: token refresh failed: HTTP 400
tracking cycle skipped: Schwab auth failed: token refresh failed: HTTP 400
tracking cycle skipped: Schwab auth failed: token refresh failed: HTTP 400
tracking cycle skipped: Schwab auth failed: token refresh failed: HTTP 400
tracking cycle skipped: Schwab auth failed: token refresh failed: HTTP 400
tracking cycle skipped: Schwab auth failed: token refresh failed: HTTP 400
tracking cycle skipped: Schwab auth failed: token refresh failed: HTTP 400
tracking cycle skipped: Schwab auth failed: token refresh failed: HTTP 400
tracking cycle skipped: Schwab auth failed: token refresh failed: HTTP 400
tracking cycle skipped: Schwab auth failed: token refresh failed: HTTP 400
tracking cycle skipped: Schwab auth failed: token refresh failed: HTTP 400
tracking cycle skipped: Schwab auth failed: token refresh failed: HTTP 400
tracking cycle skipped: Schwab auth failed: token refresh failed: HTTP 400
tracking cycle skipped: Schwab auth failed: token refresh failed: HTTP 400
tracking cycle skipped: Schwab auth failed: token refresh failed: HTTP 400
tracking cycle skipped: Schwab auth failed: token refresh failed: HTTP 400
tracking cycle skipped: Schwab auth failed: token refresh failed: HTTP 400
tracking cycle skipped: Schwab auth failed: token refresh failed: HTTP 400
tracking cycle skipped: Schwab auth failed: token refresh failed: HTTP 400
tracking cycle skipped: Schwab auth failed: token refresh failed: HTTP 400
tracking cycle skipped: Schwab auth failed: token refresh failed: HTTP 400
tracking cycle skipped: Schwab auth failed: token refresh failed: HTTP 400
tracking cycle skipped: Schwab auth failed: token refresh failed: HTTP 400
tracking cycle skipped: Schwab auth failed: token refresh failed: HTTP 400
tracking cycle skipped: Schwab auth failed: token refresh failed: HTTP 400
tracking cycle skipped: Schwab auth failed: token refresh failed: HTTP 400
tracking cycle skipped: Schwab auth failed: token refresh failed: HTTP 400
tracking cycle skipped: Schwab auth failed: token refresh failed: HTTP 400
[15:30] LATE SKIP/DATA Schwab auth failed: token refresh failed: HTTP 400
tracking cycle skipped: Schwab auth failed: token refresh failed: HTTP 400
tracking cycle skipped: Schwab auth failed: token refresh failed: HTTP 400
tracking cycle skipped: Schwab auth failed: token refresh failed: HTTP 400
tracking cycle skipped: Schwab auth failed: token refresh failed: HTTP 400
tracking cycle skipped: Schwab auth failed: token refresh failed: HTTP 400
tracking cycle skipped: Schwab auth failed: token refresh failed: HTTP 400
tracking cycle skipped: Schwab auth failed: token refresh failed: HTTP 400
tracking cycle skipped: Schwab auth failed: token refresh failed: HTTP 400
tracking cycle skipped: Schwab auth failed: token refresh failed: HTTP 400
tracking cycle skipped: Schwab auth failed: token refresh failed: HTTP 400
tracking cycle skipped: Schwab auth failed: token refresh failed: HTTP 400
tracking cycle skipped: Schwab auth failed: token refresh failed: HTTP 400
tracking cycle skipped: Schwab auth failed: token refresh failed: HTTP 400
tracking cycle skipped: Schwab auth failed: token refresh failed: HTTP 400
tracking cycle skipped: Schwab auth failed: token refresh failed: HTTP 400
tracking cycle skipped: Schwab auth failed: token refresh failed: HTTP 400
tracking cycle skipped: Schwab auth failed: token refresh failed: HTTP 400
tracking cycle skipped: Schwab auth failed: token refresh failed: HTTP 400
tracking cycle skipped: Schwab auth failed: token refresh failed: HTTP 400
tracking cycle skipped: Schwab auth failed: token refresh failed: HTTP 400
tracking cycle skipped: Schwab auth failed: token refresh failed: HTTP 400
tracking cycle skipped: Schwab auth failed: token refresh failed: HTTP 400
tracking cycle skipped: Schwab auth failed: token refresh failed: HTTP 400
tracking cycle skipped: Schwab auth failed: token refresh failed: HTTP 400
tracking cycle skipped: Schwab auth failed: token refresh failed: HTTP 400
tracking cycle skipped: Schwab auth failed: token refresh failed: HTTP 400
tracking cycle skipped: Schwab auth failed: token refresh failed: HTTP 400
tracking cycle skipped: Schwab auth failed: token refresh failed: HTTP 400
tracking cycle skipped: Schwab auth failed: token refresh failed: HTTP 400
tracking cycle skipped: Schwab auth failed: token refresh failed: HTTP 400
settle failed (retrying next cycle): Schwab auth failed: token refresh failed: HTTP 400
