waiting 281s for 09:00 ET pre-market step
paper run 2026-09-09 | budget $3000 | gex negative
[10:00] METF SELL CALL 7680.0/7710.0 credit 2.05 stop 4.10
[10:30] ORB BUY PUT 7650.0/7620.0 debit 6.67 stop 3.34
[10:30] band 7635-7675 em 17.7 skew 1.091
[10:35] BAND IRON_CONDOR credit 5.25 stop/side 5.25 size 1.0
[10:45] METF SELL CALL 7675.0/7705.0 credit 1.75 stop 3.50
  2026-09-09-BAND-PUT STOPPED @ 5.60 pnl -188
[11:30] METF SELL CALL 7650.0/7680.0 credit 2.15 stop 4.30
  2026-09-09-METF-11:30-CALL STOPPED @ 4.43 pnl -228
[12:00] MEIC IRON_CONDOR credit 3.43 stop/side 3.43
[12:30] METF SELL CALL 7645.0/7675.0 credit 2.18 stop 4.35
[12:30] MEIC IRON_CONDOR credit 3.88 stop/side 3.88
  2026-09-09-MEIC-12:30-CALL STOPPED @ 4.28 pnl -210
  2026-09-09-METF-12:30-CALL STOPPED @ 5.68 pnl -350
[13:00] MEIC IRON_CONDOR credit 3.45 stop/side 3.45
[13:30] METF SELL CALL 7655.0/7685.0 credit 1.80 stop 3.60
[13:30] MEIC IRON_CONDOR credit 3.45 stop/side 3.45
[14:00] MEIC IRON_CONDOR credit 4.55 stop/side 4.55
[14:15] METF SKIP/RISK
[14:30] MEIC SKIP/RISK
  2026-09-09-BAND-CALL TP @ 0.00 pnl +152
  2026-09-09-MEIC-12:30-PUT TP @ 0.03 pnl +168
  2026-09-09-MEIC-12:00-PUT TP @ 0.00 pnl +183
  2026-09-09-MEIC-12:00-CALL TP @ 0.00 pnl +160
  2026-09-09-MEIC-13:00-CALL TP @ 0.00 pnl +160
  2026-09-09-MEIC-13:30-CALL TP @ 0.00 pnl +180
  2026-09-09-MEIC-13:00-PUT TP @ 0.00 pnl +185
  2026-09-09-MEIC-14:00-CALL TP @ 0.00 pnl +267
  2026-09-09-MEIC-13:30-PUT TP @ 0.00 pnl +165
  2026-09-09-METF-10:00-CALL EXPIRED @ 0.00 pnl +205
  2026-09-09-ORB-PUT EXPIRED @ -12.90 pnl +623
  2026-09-09-METF-10:45-CALL EXPIRED @ 0.00 pnl +175
  2026-09-09-METF-13:30-CALL EXPIRED @ 0.00 pnl +180
  2026-09-09-MEIC-14:00-PUT EXPIRED @ 0.00 pnl +188
[16:05] contained=1 close 7636.36 band 7635-7675
paper run: day complete.
paper run 2026-09-09 | budget $3000 | gex negative
paper run: day complete.
