waiting 285s for 09:00 ET pre-market step
paper run 2026-09-24 | budget $5000 | gex negative
[10:00] METF SELL CALL 7720.0/7750.0 credit 1.52 stop 3.05
[10:30] ORB BUY PUT 7690.0/7660.0 debit 8.28 stop 4.14
[10:30] band 7670-7710 em 19.4 skew 0.968
[10:35] BAND IRON_CONDOR credit 6.42 stop/side 6.42 size 1.0
[10:45] METF SELL CALL 7710.0/7740.0 credit 1.75 stop 3.50
  2026-09-24-BAND-PUT STOPPED @ 6.43 pnl -273
[11:30] METF SELL CALL 7695.0/7725.0 credit 1.60 stop 3.20
[12:00] MEIC IRON_CONDOR credit 3.45 stop/side 3.45
  2026-09-24-METF-11:30-CALL STOPPED @ 6.80 pnl -520
  2026-09-24-MEIC-12:00-CALL STOPPED @ 6.80 pnl -515
  2026-09-24-METF-10:00-CALL STOPPED @ 4.67 pnl -316
  2026-09-24-BAND-CALL STOPPED @ 7.30 pnl -458
  2026-09-24-METF-10:45-CALL STOPPED @ 7.30 pnl -555
[12:30] METF SELL CALL 7730.0/7760.0 credit 1.93 stop 3.85
[12:30] MEIC IRON_CONDOR credit 3.45 stop/side 3.45
  2026-09-24-ORB-PUT STOPPED @ -4.08 pnl -420
  2026-09-24-METF-12:30-CALL STOPPED @ 4.42 pnl -250
  2026-09-24-MEIC-12:30-CALL STOPPED @ 4.42 pnl -250
[13:00] MEIC IRON_CONDOR credit 3.40 stop/side 3.40
[13:00] FLY IRON_FLY @ 7710 credit 19.70 TP 14.78 SL 24.63
tracking cycle skipped: GET /chains: HTTP 400
tracking cycle skipped: GET /chains: HTTP 400
tracking cycle skipped: GET /chains: HTTP 400
tracking cycle skipped: GET /chains: HTTP 400
tracking cycle skipped: GET /chains: HTTP 400
tracking cycle skipped: GET /chains: HTTP 400
tracking cycle skipped: GET /chains: HTTP 400
tracking cycle skipped: GET /chains: HTTP 400
tracking cycle skipped: GET /chains: HTTP 400
tracking cycle skipped: GET /chains: HTTP 400
tracking cycle skipped: GET /chains: HTTP 400
tracking cycle skipped: GET /chains: HTTP 400
tracking cycle skipped: GET /chains: HTTP 400
tracking cycle skipped: GET /chains: HTTP 400
tracking cycle skipped: GET /chains: HTTP 400
tracking cycle skipped: GET /chains: HTTP 400
tracking cycle skipped: GET /chains: HTTP 400
tracking cycle skipped: GET /chains: HTTP 400
tracking cycle skipped: GET /chains: HTTP 400
tracking cycle skipped: GET /chains: HTTP 400
tracking cycle skipped: GET /chains: HTTP 400
tracking cycle skipped: GET /chains: HTTP 400
tracking cycle skipped: GET /chains: HTTP 400
tracking cycle skipped: GET /chains: HTTP 400
tracking cycle skipped: GET /chains: HTTP 400
tracking cycle skipped: GET /chains: HTTP 400
tracking cycle skipped: GET /chains: HTTP 400
tracking cycle skipped: GET /chains: HTTP 400
[13:30] METF SKIP/DATA GET /chains: HTTP 400
[13:30] MEIC SKIP/DATA GET /chains: HTTP 400
tracking cycle skipped: GET /chains: HTTP 400
tracking cycle skipped: GET /chains: HTTP 400
tracking cycle skipped: GET /chains: HTTP 400
tracking cycle skipped: GET /chains: HTTP 400
[14:00] MEIC IRON_CONDOR credit 4.03 stop/side 4.03
  2026-09-24-MEIC-14:00-PUT STOPPED @ 4.53 pnl -268
  2026-09-24-MEIC-13:00-PUT STOPPED @ 3.42 pnl -190
[14:15] METF SELL CALL 7715.0/7745.0 credit 2.20 stop 4.40
  2026-09-24-MEIC-14:00-CALL STOPPED @ 4.40 pnl -223
  2026-09-24-METF-14:15-CALL STOPPED @ 4.40 pnl -220
  2026-09-24-FLY-PUT TP @ 8.48 pnl +120
  2026-09-24-FLY-CALL TP @ 6.03 pnl +400
[14:28] FLYR IRON_FLY @ 7710 credit 14.55 TP 10.91 SL 18.19
[14:30] MEIC IRON_CONDOR credit 4.32 stop/side 4.32
[15:00] LATE IRON_CONDOR credit 2.15 stop/side 2.15
  2026-09-24-LATE-15:00-PUT STOPPED @ 2.47 pnl -129
  2026-09-24-FLYR1-PUT TP @ 7.88 pnl +65
  2026-09-24-FLYR1-CALL TP @ 2.82 pnl +321
[15:30] LATE IRON_CONDOR credit 1.72 stop/side 1.72
  2026-09-24-MEIC-12:00-PUT TP @ 0.03 pnl +178
  2026-09-24-MEIC-13:00-CALL TP @ 0.03 pnl +186
  2026-09-24-MEIC-12:30-PUT TP @ 0.00 pnl +152
  2026-09-24-MEIC-14:30-PUT TP @ 0.03 pnl +208
  2026-09-24-LATE-15:00-CALL TP @ 0.00 pnl +98
  2026-09-24-MEIC-14:30-CALL TP @ 0.00 pnl +223
  2026-09-24-LATE-15:30-PUT TP @ 0.00 pnl +82
  2026-09-24-LATE-15:30-CALL TP @ 0.00 pnl +90
[16:05] contained=1 close 7704.13 band 7670-7710
paper run: day complete.
paper run 2026-09-24 | budget $5000 | gex negative
paper run: day complete.
