waiting 290s for 09:00 ET pre-market step
paper run 2026-09-23 | budget $5000 | gex positive
[10:00] METF SELL CALL 7760.0/7790.0 credit 1.80 stop 3.60
[10:30] ORB BUY PUT 7715.0/7685.0 debit 6.77 stop 3.39
[10:30] band 7695-7740 em 19.3 skew 0.956
[10:35] BAND IRON_CONDOR credit 5.62 stop/side 5.62 size 1.0
[10:45] METF SELL CALL 7750.0/7780.0 credit 1.55 stop 3.10
  2026-09-23-ORB-PUT STOPPED @ -3.22 pnl -354
  2026-09-23-BAND-CALL STOPPED @ 6.10 pnl -252
  2026-09-23-METF-10:45-CALL STOPPED @ 3.37 pnl -182
[11:30] METF SELL CALL 7740.0/7770.0 credit 1.70 stop 3.40
[12:00] MEIC IRON_CONDOR credit 4.03 stop/side 4.03
[12:30] METF SELL CALL 7730.0/7760.0 credit 1.75 stop 3.50
[12:30] MEIC IRON_CONDOR credit 3.60 stop/side 3.60
  2026-09-23-MEIC-12:00-PUT STOPPED @ 4.38 pnl -260
  2026-09-23-MEIC-12:30-PUT STOPPED @ 4.38 pnl -252
[13:00] MEIC IRON_CONDOR credit 3.95 stop/side 3.95
[13:00] FLY IRON_FLY @ 7705 credit 14.90 TP 11.17 SL 18.62
  2026-09-23-BAND-PUT STOPPED @ 6.58 pnl -453
  2026-09-23-MEIC-13:00-PUT STOPPED @ 4.27 pnl -225
[13:30] METF SELL CALL 7715.0/7745.0 credit 2.30 stop 4.60
[13:30] MEIC IRON_CONDOR credit 3.92 stop/side 3.92
  2026-09-23-MEIC-13:30-CALL STOPPED @ 4.42 pnl -212
  2026-09-23-MEIC-13:00-CALL STOPPED @ 4.73 pnl -280
  2026-09-23-METF-13:30-CALL STOPPED @ 6.65 pnl -435
[14:00] MEIC IRON_CONDOR credit 3.65 stop/side 3.65
  2026-09-23-MEIC-14:00-PUT STOPPED @ 4.08 pnl -208
[14:15] METF SELL CALL 7725.0/7755.0 credit 2.02 stop 4.05
[14:30] MEIC IRON_CONDOR credit 4.82 stop/side 4.82
  2026-09-23-FLY-PUT TP @ 3.67 pnl +415
  2026-09-23-FLY-CALL TP @ 7.28 pnl -20
[14:38] FLYR IRON_FLY @ 7705 credit 10.90 TP 8.18 SL 13.62
[15:00] LATE IRON_CONDOR credit 1.93 stop/side 1.93
  2026-09-23-FLYR1-PUT TP @ 2.80 pnl +178
  2026-09-23-FLYR1-CALL TP @ 5.33 pnl +100
[15:30] LATE IRON_CONDOR credit 2.95 stop/side 2.95
  2026-09-23-MEIC-14:00-CALL TP @ 0.00 pnl +165
  2026-09-23-MEIC-12:00-CALL TP @ 0.03 pnl +222
  2026-09-23-MEIC-12:30-CALL TP @ 0.03 pnl +172
  2026-09-23-MEIC-13:30-PUT TP @ 0.00 pnl +162
  2026-09-23-MEIC-14:30-PUT STOPPED @ 8.03 pnl -556
  2026-09-23-MEIC-14:30-CALL TP @ 0.00 pnl +235
  2026-09-23-LATE-15:00-PUT STOPPED @ 3.98 pnl -310
  2026-09-23-LATE-15:00-CALL TP @ 0.00 pnl +105
  2026-09-23-LATE-15:30-PUT STOPPED @ 3.98 pnl -273
  2026-09-23-LATE-15:30-CALL TP @ 0.00 pnl +170
  2026-09-23-METF-10:00-CALL EXPIRED @ 0.00 pnl +180
  2026-09-23-METF-11:30-CALL EXPIRED @ 0.00 pnl +170
  2026-09-23-METF-12:30-CALL EXPIRED @ 0.00 pnl +175
  2026-09-23-METF-14:15-CALL EXPIRED @ 0.00 pnl +202
paper run 2026-09-23 | budget $5000 | gex positive
[16:05] contained=1 close 7706.05 band 7695-7740
paper run: day complete.
paper run 2026-09-23 | budget $5000 | gex positive
paper run: day complete.
