waiting 284s for 09:00 ET pre-market step
paper run 2026-09-25 | budget $5000 | gex negative
[10:00] METF SELL PUT 7690.0/7660.0 credit 1.85 stop 3.70
  2026-09-25-METF-10:00-PUT STOPPED @ 4.10 pnl -225
[10:30] ORB BUY CALL 7705.0/7735.0 debit 10.12 stop 5.06
[10:30] band 7680-7730 em 23.3 skew 1.063
[10:35] BAND IRON_CONDOR credit 6.82 stop/side 6.82 size 1.0
[10:45] METF SELL PUT 7670.0/7640.0 credit 1.80 stop 3.60
  2026-09-25-BAND-CALL STOPPED @ 6.98 pnl -341
[11:30] METF SELL PUT 7685.0/7655.0 credit 1.65 stop 3.30
  2026-09-25-METF-11:30-PUT STOPPED @ 3.60 pnl -195
[12:00] MEIC IRON_CONDOR credit 3.40 stop/side 3.40
  2026-09-25-MEIC-12:00-CALL STOPPED @ 4.42 pnl -272
[12:30] METF SELL PUT 7715.0/7685.0 credit 1.75 stop 3.50
[12:30] MEIC IRON_CONDOR credit 3.70 stop/side 3.70
[13:00] MEIC IRON_CONDOR credit 3.60 stop/side 3.60
[13:00] FLY IRON_FLY @ 7735 credit 16.60 TP 12.45 SL 20.75
[13:30] METF SELL PUT 7725.0/7695.0 credit 1.75 stop 3.50
[13:30] MEIC IRON_CONDOR credit 3.50 stop/side 3.50
  2026-09-25-FLY-PUT TP @ 5.62 pnl +260
  2026-09-25-FLY-CALL TP @ 6.77 pnl +161
[13:55] FLYR IRON_FLY @ 7735 credit 12.40 TP 9.30 SL 15.50
[14:00] MEIC IRON_CONDOR credit 4.45 stop/side 4.45
[14:15] METF SELL PUT 7735.0/7705.0 credit 1.85 stop 3.70
  2026-09-25-METF-14:15-PUT STOPPED @ 5.60 pnl -375
[14:30] MEIC IRON_CONDOR credit 4.70 stop/side 4.70
  2026-09-25-FLYR1-PUT TP @ 2.98 pnl +210
  2026-09-25-FLYR1-CALL TP @ 6.33 pnl +100
[15:00] LATE IRON_CONDOR credit 2.60 stop/side 2.60
  2026-09-25-MEIC-12:30-CALL TP @ 0.00 pnl +195
