waiting 289s for 09:00 ET pre-market step
paper run 2026-10-01 | budget $5000 | gex negative
[10:00] METF SELL CALL 7710.0/7740.0 credit 1.52 stop 3.05
[10:15] PBW SKIP/CREDIT (-2.73)
paper run 2026-10-01 | budget $5000 | gex negative
[10:30] ORB BUY PUT 7630.0/7600.0 debit 9.90 stop 4.95
[10:30] band 7600-7660 em 27.8 skew 0.876
[10:45] METF SELL CALL 7685.0/7715.0 credit 1.82 stop 3.65
[11:30] METF SELL CALL 7670.0/7700.0 credit 1.85 stop 3.70
[12:00] MEIC IRON_CONDOR credit 3.75 stop/side 3.75
[12:00] MNG IRON_CONDOR credit 3.75 stop/side 3.75
[12:30] METF SELL CALL 7675.0/7705.0 credit 1.60 stop 3.20
[12:30] MEIC IRON_CONDOR credit 3.20 stop/side 3.20
[12:30] MNG IRON_CONDOR credit 3.20 stop/side 3.20
  2026-10-01-ORB-PUT STOPPED @ -4.72 pnl -518
  2026-10-01-METF-11:30-CALL STOPPED @ 4.12 pnl -228
  2026-10-01-MEIC-12:00-CALL STOPPED @ 4.12 pnl -212
  2026-10-01-MNG-12:00-CALL STOPPED @ 4.12 pnl -212
[13:00] MEIC IRON_CONDOR credit 3.48 stop/side 3.48
[13:00] MNG IRON_CONDOR credit 3.48 stop/side 3.48
[13:00] FLY IRON_FLY @ 7640 credit 19.50 TP 14.62 SL 24.38
  2026-10-01-MEIC-13:00-CALL STOPPED @ 3.52 pnl -172
  2026-10-01-MNG-13:00-CALL STOPPED @ 3.52 pnl -172
  2026-10-01-METF-12:30-CALL STOPPED @ 3.68 pnl -208
  2026-10-01-MEIC-12:30-CALL STOPPED @ 3.68 pnl -208
  2026-10-01-MNG-12:30-CALL STOPPED @ 3.68 pnl -208
  2026-10-01-FLY-PUT STOPPED @ 2.45 pnl +838
  2026-10-01-FLY-CALL STOPPED @ 23.95 pnl -1528
[13:30] METF SELL CALL 7695.0/7725.0 credit 1.72 stop 3.45
[13:30] MEIC IRON_CONDOR credit 3.58 stop/side 3.58
[13:30] MNG IRON_CONDOR credit 3.58 stop/side 3.58
  2026-10-01-METF-10:45-CALL STOPPED @ 5.83 pnl -400
  2026-10-01-METF-13:30-CALL STOPPED @ 4.08 pnl -236
  2026-10-01-MEIC-13:30-CALL STOPPED @ 4.08 pnl -236
  2026-10-01-MNG-13:30-CALL STOPPED @ 4.08 pnl -236
[14:00] MEIC IRON_CONDOR credit 3.35 stop/side 3.35
[14:00] MNG IRON_CONDOR credit 3.35 stop/side 3.35
  2026-10-01-MEIC-13:30-PUT STOPPED @ 3.72 pnl -187
  2026-10-01-MNG-13:30-PUT STOPPED @ 3.72 pnl -187
  2026-10-01-MEIC-14:00-PUT STOPPED @ 3.72 pnl -199
  2026-10-01-MNG-14:00-PUT STOPPED @ 3.72 pnl -199
[14:15] METF SELL CALL 7685.0/7715.0 credit 1.77 stop 3.55
[14:30] MEIC IRON_CONDOR credit 3.38 stop/side 3.38
[14:30] MNG IRON_CONDOR credit 3.38 stop/side 3.38
  2026-10-01-MEIC-14:00-CALL STOPPED @ 3.72 pnl -210
  2026-10-01-MNG-14:00-CALL STOPPED @ 3.72 pnl -210
  2026-10-01-METF-14:15-CALL STOPPED @ 5.33 pnl -356
  2026-10-01-MEIC-14:30-CALL STOPPED @ 3.72 pnl -204
  2026-10-01-MNG-14:30-CALL STOPPED @ 3.72 pnl -204
  2026-10-01-MEIC-12:00-PUT TP @ 0.00 pnl +175
  2026-10-01-MNG-12:00-PUT TP @ 0.00 pnl +175
  2026-10-01-MEIC-12:30-PUT TP @ 0.03 pnl +158
  2026-10-01-MNG-12:30-PUT TP @ 0.03 pnl +158
  2026-10-01-MEIC-13:00-PUT TP @ 0.03 pnl +166
  2026-10-01-MNG-13:00-PUT TP @ 0.03 pnl +166
  2026-10-01-MEIC-14:30-PUT TP @ 0.03 pnl +168
  2026-10-01-MNG-14:30-PUT TP @ 0.03 pnl +168
  2026-10-01-METF-10:00-CALL EXPIRED @ 0.00 pnl +152
[16:05] contained=0 close 7666.45 band 7600-7660
paper run: day complete.
paper run 2026-10-01 | budget $5000 | gex negative
paper run: day complete.
