waiting 284s for 09:00 ET pre-market step
paper run 2026-09-14 | budget $3000 | gex negative
[10:00] METF SELL CALL 7640.0/7670.0 credit 1.85 stop 3.70
[10:30] ORB BUY PUT 7600.0/7570.0 debit 7.80 stop 3.90
[10:30] band 7580-7620 em 18.8 skew 0.900
[10:35] BAND IRON_CONDOR credit 5.80 stop/side 5.80 size 1.0
[10:45] METF SELL CALL 7625.0/7655.0 credit 1.70 stop 3.40
  2026-09-14-METF-10:45-CALL STOPPED @ 3.50 pnl -180
[11:30] METF SELL CALL 7625.0/7655.0 credit 2.12 stop 4.25
  2026-09-14-ORB-PUT STOPPED @ -3.08 pnl -472
  2026-09-14-BAND-CALL STOPPED @ 7.95 pnl -468
  2026-09-14-METF-11:30-CALL STOPPED @ 5.95 pnl -383
  2026-09-14-METF-10:00-CALL STOPPED @ 4.65 pnl -280
[12:00] MEIC IRON_CONDOR credit 3.45 stop/side 3.45
[12:30] METF SELL CALL 7650.0/7680.0 credit 1.88 stop 3.75
[12:30] MEIC IRON_CONDOR credit 3.88 stop/side 3.88
  2026-09-14-MEIC-12:00-CALL STOPPED @ 3.47 pnl -177
  2026-09-14-METF-12:30-CALL STOPPED @ 3.88 pnl -200
  2026-09-14-MEIC-12:30-CALL STOPPED @ 5.53 pnl -365
[13:00] MEIC IRON_CONDOR credit 3.55 stop/side 3.55
[13:30] METF SELL CALL 7655.0/7685.0 credit 1.60 stop 3.20
[13:30] MEIC IRON_CONDOR credit 3.32 stop/side 3.32
[14:00] MEIC IRON_CONDOR credit 4.35 stop/side 4.35
[14:15] METF SELL CALL 7645.0/7675.0 credit 1.65 stop 3.30
[14:30] MEIC IRON_CONDOR credit 4.67 stop/side 4.67
  2026-09-14-MEIC-13:00-CALL TP @ 0.03 pnl +160
  2026-09-14-MEIC-13:30-CALL TP @ 0.00 pnl +160
  2026-09-14-BAND-PUT TP @ 0.03 pnl +250
  2026-09-14-MEIC-14:00-CALL TP @ 0.00 pnl +200
  2026-09-14-MEIC-14:30-CALL TP @ 0.00 pnl +195
  2026-09-14-MEIC-14:00-PUT STOPPED @ 5.47 pnl -312
  2026-09-14-MEIC-14:30-PUT STOPPED @ 5.47 pnl -275
  2026-09-14-MEIC-12:00-PUT TP @ 0.00 pnl +175
  2026-09-14-MEIC-12:30-PUT TP @ 0.00 pnl +200
  2026-09-14-MEIC-13:00-PUT STOPPED @ 4.53 pnl -260
  2026-09-14-MEIC-13:30-PUT STOPPED @ 4.53 pnl -281
  2026-09-14-METF-13:30-CALL EXPIRED @ 0.00 pnl +160
  2026-09-14-METF-14:15-CALL EXPIRED @ 0.00 pnl +165
[16:05] contained=1 close 7619.98 band 7580-7620
paper run: day complete.
paper run 2026-09-14 | budget $3000 | gex negative
paper run: day complete.
