waiting 295s for 09:00 ET pre-market step
paper run 2026-09-11 | budget $3000 | gex unknown
[10:00] METF SELL PUT 7630.0/7600.0 credit 1.57 stop 3.15
[10:30] ORB BUY CALL 7675.0/7705.0 debit 7.88 stop 3.94
[10:30] band 7650-7695 em 19.0 skew 1.129
[10:35] BAND IRON_CONDOR credit 6.72 stop/side 6.72 size 1.0
  2026-09-11-ORB-CALL STOPPED @ -3.92 pnl -396
  2026-09-11-METF-10:00-PUT STOPPED @ 3.37 pnl -180
  2026-09-11-BAND-PUT STOPPED @ 7.20 pnl -158
[10:45] METF SELL PUT 7615.0/7585.0 credit 1.77 stop 3.55
[11:30] METF SELL PUT 7645.0/7615.0 credit 1.60 stop 3.20
[12:00] MEIC IRON_CONDOR credit 3.95 stop/side 3.95
[12:30] METF SELL PUT 7645.0/7615.0 credit 1.95 stop 3.90
[12:30] MEIC IRON_CONDOR credit 3.65 stop/side 3.65
[13:00] MEIC IRON_CONDOR credit 4.47 stop/side 4.47
[13:30] METF SELL PUT 7665.0/7635.0 credit 1.95 stop 3.90
[13:30] MEIC IRON_CONDOR credit 4.45 stop/side 4.45
[14:00] MEIC SKIP/RISK
[14:15] METF SKIP/RISK
[14:30] MEIC SKIP/RISK
  2026-09-11-METF-13:30-PUT STOPPED @ 3.97 pnl -202
  2026-09-11-MEIC-13:30-PUT STOPPED @ 4.77 pnl -282
  2026-09-11-BAND-CALL TP @ 0.00 pnl +110
  2026-09-11-MEIC-12:00-CALL TP @ 0.00 pnl +220
  2026-09-11-MEIC-12:30-CALL TP @ 0.00 pnl +170
  2026-09-11-MEIC-13:00-CALL TP @ 0.00 pnl +223
  2026-09-11-MEIC-13:30-CALL TP @ 0.00 pnl +250
  2026-09-11-MEIC-12:30-PUT TP @ 0.00 pnl +195
  2026-09-11-METF-10:45-PUT EXPIRED @ 0.00 pnl +177
  2026-09-11-METF-11:30-PUT EXPIRED @ 0.00 pnl +160
  2026-09-11-MEIC-12:00-PUT EXPIRED @ 0.00 pnl +175
  2026-09-11-METF-12:30-PUT EXPIRED @ 0.00 pnl +195
  2026-09-11-MEIC-13:00-PUT EXPIRED @ 3.87 pnl -162
[16:05] contained=1 close 7656.98 band 7650-7695
paper run: day complete.
paper run 2026-09-11 | budget $3000 | gex unknown
paper run: day complete.
