waiting 291s for 09:00 ET pre-market step
paper run 2026-09-18 | budget $5000 | gex negative
[10:00] METF SELL PUT 7590.0/7560.0 credit 1.55 stop 3.10
[10:30] ORB SKIP/TRIGGER (inside range)
[10:30] band 7605-7645 em 18.2 skew 1.121
[10:35] BAND IRON_CONDOR credit 5.88 stop/side 5.88 size 1.0
[10:45] METF SELL PUT 7590.0/7560.0 credit 1.85 stop 3.70
[11:30] METF SELL PUT 7605.0/7575.0 credit 1.55 stop 3.10
[11:30] ORB SKIP/TRIGGER (inside range)
[12:00] MEIC IRON_CONDOR credit 4.05 stop/side 4.05
  2026-09-18-METF-11:30-PUT STOPPED @ 3.27 pnl -172
[12:30] METF SELL PUT 7600.0/7570.0 credit 1.95 stop 3.90
[12:30] MEIC IRON_CONDOR credit 3.55 stop/side 3.55
[13:00] MEIC IRON_CONDOR credit 4.10 stop/side 4.10
[13:00] ORB SKIP/TRIGGER (inside range)
[13:00] FLY IRON_FLY @ 7625 credit 12.65 TP 9.49 SL 15.81
[13:30] METF SELL PUT 7615.0/7585.0 credit 2.02 stop 4.05
[13:30] MEIC IRON_CONDOR credit 3.62 stop/side 3.62
  2026-09-18-FLY-PUT TP @ 3.75 pnl +308
  2026-09-18-FLY-CALL TP @ 5.73 pnl +10
[14:00] MEIC IRON_CONDOR credit 3.72 stop/side 3.72
[14:15] METF SELL PUT 7620.0/7590.0 credit 1.55 stop 3.10
  2026-09-18-MEIC-12:00-CALL STOPPED @ 4.22 pnl -202
  2026-09-18-MEIC-12:30-CALL STOPPED @ 4.22 pnl -262
  2026-09-18-MEIC-13:00-CALL STOPPED @ 4.22 pnl -199
  2026-09-18-MEIC-13:30-CALL STOPPED @ 4.22 pnl -262
  2026-09-18-MEIC-14:00-CALL STOPPED @ 4.22 pnl -215
[14:30] MEIC IRON_CONDOR credit 5.03 stop/side 5.03
  2026-09-18-MEIC-14:30-CALL STOPPED @ 6.42 pnl -376
[15:00] LATE IRON_CONDOR credit 2.55 stop/side 2.55
[15:30] LATE IRON_CONDOR credit 2.53 stop/side 2.53
  2026-09-18-MEIC-12:00-PUT TP @ 0.00 pnl +185
  2026-09-18-MEIC-12:30-PUT TP @ 0.00 pnl +195
  2026-09-18-LATE-15:30-CALL STOPPED @ 3.52 pnl -242
  2026-09-18-BAND-PUT TP @ 0.03 pnl +360
  2026-09-18-MEIC-13:00-PUT TP @ 0.00 pnl +188
  2026-09-18-MEIC-13:30-PUT TP @ 0.00 pnl +202
  2026-09-18-MEIC-14:00-PUT TP @ 0.00 pnl +165
  2026-09-18-MEIC-14:30-PUT TP @ 0.00 pnl +235
  2026-09-18-LATE-15:00-PUT TP @ 0.00 pnl +115
  2026-09-18-LATE-15:30-PUT TP @ 0.00 pnl +143
  2026-09-18-METF-10:00-PUT EXPIRED @ 0.00 pnl +155
  2026-09-18-BAND-CALL EXPIRED @ 2.43 pnl -18
  2026-09-18-METF-10:45-PUT EXPIRED @ 0.00 pnl +185
  2026-09-18-METF-12:30-PUT EXPIRED @ 0.00 pnl +195
  2026-09-18-METF-13:30-PUT EXPIRED @ 0.00 pnl +202
  2026-09-18-METF-14:15-PUT EXPIRED @ 0.00 pnl +155
  2026-09-18-LATE-15:00-CALL EXPIRED @ 0.00 pnl +140
