waiting 283s for 09:00 ET pre-market step
paper run 2026-10-06 | budget $5000 | gex positive
[10:00] METF SELL CALL 7860.0/7890.0 credit 1.52 stop 3.05
[10:15] PBW SKIP/CREDIT (-4.57)
[10:30] ORB BUY CALL 7820.0/7850.0 debit 7.58 stop 3.79
[10:30] band 7795-7835 em 17.8 skew 0.837
[10:45] METF SELL CALL 7855.0/7885.0 credit 1.60 stop 3.20
  2026-10-06-METF-10:45-CALL STOPPED @ 3.28 pnl -168
[11:30] METF SELL CALL 7860.0/7890.0 credit 1.77 stop 3.55
[12:00] MEIC IRON_CONDOR credit 3.38 stop/side 3.38
[12:00] MNG SKIP/REGIME gex=positive
[12:30] METF SELL CALL 7845.0/7875.0 credit 1.72 stop 3.45
[12:30] MEIC IRON_CONDOR credit 3.38 stop/side 3.38
[12:30] MNG SKIP/REGIME gex=positive
[13:00] MEIC IRON_CONDOR credit 3.75 stop/side 3.75
[13:00] MNG SKIP/REGIME gex=positive
[13:00] FLY IRON_FLY @ 7830 credit 12.00 TP 9.00 SL 15.00
  2026-10-06-MEIC-12:00-PUT STOPPED @ 3.65 pnl -210
  2026-10-06-MEIC-12:30-PUT STOPPED @ 3.77 pnl -212
  2026-10-06-MEIC-13:00-PUT STOPPED @ 3.77 pnl -187
  2026-10-06-FLY-PUT STOPPED @ 13.72 pnl -690
  2026-10-06-FLY-CALL STOPPED @ 2.10 pnl +307
[13:30] METF SELL CALL 7835.0/7865.0 credit 1.95 stop 3.90
[13:30] MEIC IRON_CONDOR credit 3.50 stop/side 3.50
[13:30] MNG SKIP/REGIME gex=positive
