waiting 284s for 09:00 ET pre-market step
paper run 2026-10-09 | budget $5000 | gex negative
[10:00] METF SELL PUT 7755.0/7725.0 credit 1.82 stop 3.65
[10:15] PBW SKIP/CREDIT (-5.03)
[10:30] ORB BUY CALL 7795.0/7825.0 debit 6.82 stop 3.41
[10:30] band 7775-7810 em 15.5 skew 1.007
[10:45] METF SELL PUT 7765.0/7735.0 credit 1.68 stop 3.35
[11:30] METF SELL PUT 7780.0/7750.0 credit 2.00 stop 4.00
[12:00] MEIC IRON_CONDOR credit 3.92 stop/side 3.92
[12:00] MNG IRON_CONDOR credit 3.92 stop/side 3.92
  2026-10-09-MEIC-12:00-CALL STOPPED @ 4.22 pnl -192
  2026-10-09-MNG-12:00-CALL STOPPED @ 4.22 pnl -192
[12:30] METF SELL PUT 7795.0/7765.0 credit 1.80 stop 3.60
[12:30] MEIC IRON_CONDOR credit 3.45 stop/side 3.45
[12:30] MNG IRON_CONDOR credit 3.45 stop/side 3.45
[13:00] MEIC IRON_CONDOR credit 3.70 stop/side 3.70
[13:00] MNG IRON_CONDOR credit 3.70 stop/side 3.70
[13:00] FLY IRON_FLY @ 7810 credit 10.65 TP 7.99 SL 13.31
[13:30] METF SELL PUT 7800.0/7770.0 credit 1.65 stop 3.30
[13:30] MEIC IRON_CONDOR credit 3.25 stop/side 3.25
[13:30] MNG IRON_CONDOR credit 3.25 stop/side 3.25
  2026-10-09-FLY-PUT TP @ 4.52 pnl +86
  2026-10-09-FLY-CALL TP @ 3.38 pnl +191
[13:44] FLYR IRON_FLY @ 7810 credit 7.97 TP 5.98 SL 9.97
