waiting 291s for 09:00 ET pre-market step
paper run 2026-09-21 | budget $5000 | gex positive
[10:00] METF SELL PUT 7685.0/7655.0 credit 1.77 stop 3.55
[10:30] ORB BUY CALL 7725.0/7755.0 debit 5.22 stop 2.61
[10:30] band 7705-7735 em 14.3 skew 0.935
[10:35] BAND IRON_CONDOR credit 4.88 stop/side 4.88 size 1.0
[10:45] METF SELL PUT 7700.0/7670.0 credit 1.55 stop 3.10
  2026-09-21-BAND-CALL STOPPED @ 5.53 pnl -284
[11:30] METF SELL PUT 7715.0/7685.0 credit 2.05 stop 4.10
[12:00] MEIC IRON_CONDOR credit 4.12 stop/side 4.12
  2026-09-21-MEIC-12:00-CALL STOPPED @ 4.22 pnl -222
[12:30] METF SELL PUT 7735.0/7705.0 credit 1.90 stop 3.80
[12:30] MEIC IRON_CONDOR credit 3.40 stop/side 3.40
  2026-09-21-MEIC-12:30-CALL STOPPED @ 3.40 pnl -190
[13:00] MEIC IRON_CONDOR credit 3.90 stop/side 3.90
[13:00] FLY IRON_FLY @ 7755 credit 12.18 TP 9.13 SL 15.22
[13:30] METF SELL PUT 7745.0/7715.0 credit 1.50 stop 3.00
[13:30] MEIC IRON_CONDOR credit 3.25 stop/side 3.25
[14:00] MEIC IRON_CONDOR credit 4.15 stop/side 4.15
[14:15] METF SELL PUT 7755.0/7725.0 credit 1.73 stop 3.45
  2026-09-21-MEIC-13:00-CALL STOPPED @ 3.98 pnl -178
  2026-09-21-MEIC-14:00-CALL STOPPED @ 4.70 pnl -220
  2026-09-21-FLY-PUT STOPPED @ 1.20 pnl +543
  2026-09-21-FLY-CALL STOPPED @ 14.25 pnl -870
  2026-09-21-MEIC-13:30-CALL STOPPED @ 4.23 pnl -248
[14:30] MEIC IRON_CONDOR credit 3.40 stop/side 3.40
  2026-09-21-MEIC-14:30-CALL STOPPED @ 3.43 pnl -188
[15:00] LATE IRON_CONDOR credit 2.75 stop/side 2.75
[15:30] LATE IRON_CONDOR credit 2.85 stop/side 2.85
  2026-09-21-LATE-15:30-CALL STOPPED @ 2.90 pnl -120
  2026-09-21-BAND-PUT TP @ 0.03 pnl +218
  2026-09-21-MEIC-12:00-PUT TP @ 0.00 pnl +212
  2026-09-21-MEIC-12:30-PUT TP @ 0.00 pnl +190
  2026-09-21-MEIC-13:00-PUT TP @ 0.00 pnl +170
  2026-09-21-MEIC-13:30-PUT TP @ 0.00 pnl +150
  2026-09-21-MEIC-14:00-PUT TP @ 0.00 pnl +165
  2026-09-21-LATE-15:00-CALL TP @ 0.00 pnl +120
  2026-09-21-MEIC-14:30-PUT TP @ 0.03 pnl +183
  2026-09-21-METF-10:00-PUT EXPIRED @ 0.00 pnl +177
  2026-09-21-ORB-CALL EXPIRED @ -30.00 pnl +2478
  2026-09-21-METF-10:45-PUT EXPIRED @ 0.00 pnl +155
  2026-09-21-METF-11:30-PUT EXPIRED @ 0.00 pnl +205
  2026-09-21-METF-12:30-PUT EXPIRED @ 0.00 pnl +190
  2026-09-21-METF-13:30-PUT EXPIRED @ 0.00 pnl +150
  2026-09-21-METF-14:15-PUT EXPIRED @ 0.00 pnl +173
  2026-09-21-LATE-15:00-PUT EXPIRED @ 0.00 pnl +155
  2026-09-21-LATE-15:30-PUT EXPIRED @ 0.00 pnl +115
[16:05] contained=0 close 7764.71 band 7705-7735
paper run: day complete.
paper run 2026-09-21 | budget $5000 | gex positive
paper run: day complete.
