waiting 298s for 09:00 ET pre-market step
paper run 2026-09-10 | budget $3000 | gex negative
[10:00] METF SELL CALL 7620.0/7650.0 credit 1.60 stop 3.20
  2026-09-10-METF-10:00-CALL STOPPED @ 6.80 pnl -520
[10:30] ORB BUY PUT 7600.0/7570.0 debit 8.20 stop 4.10
[10:30] band 7575-7625 em 20.7 skew 0.969
[10:35] BAND IRON_CONDOR credit 5.75 stop/side 5.75 size 1.0
[10:45] METF SELL CALL 7630.0/7660.0 credit 1.83 stop 3.65
[11:30] METF SELL CALL 7630.0/7660.0 credit 1.62 stop 3.25
  2026-09-10-ORB-PUT STOPPED @ -3.88 pnl -432
[12:00] MEIC IRON_CONDOR credit 3.85 stop/side 3.85
[12:30] METF SELL CALL 7615.0/7645.0 credit 1.77 stop 3.55
[12:30] MEIC IRON_CONDOR credit 3.67 stop/side 3.67
  2026-09-10-METF-12:30-CALL STOPPED @ 4.00 pnl -223
  2026-09-10-MEIC-12:30-CALL STOPPED @ 4.00 pnl -223
[13:00] MEIC IRON_CONDOR credit 4.15 stop/side 4.15
[13:30] METF SELL CALL 7615.0/7645.0 credit 1.52 stop 3.05
[13:30] MEIC IRON_CONDOR credit 3.62 stop/side 3.62
[14:00] MEIC IRON_CONDOR credit 4.70 stop/side 4.70
  2026-09-10-MEIC-13:00-PUT STOPPED @ 4.38 pnl -242
  2026-09-10-MEIC-13:30-PUT STOPPED @ 4.38 pnl -228
[14:15] METF SELL CALL 7600.0/7630.0 credit 2.55 stop 5.10
[14:30] MEIC SKIP/RISK
  2026-09-10-MEIC-14:00-PUT STOPPED @ 4.92 pnl -272
  2026-09-10-BAND-CALL TP @ 0.00 pnl +303
  2026-09-10-MEIC-12:00-CALL TP @ 0.00 pnl +200
  2026-09-10-MEIC-13:00-CALL TP @ 0.00 pnl +220
  2026-09-10-MEIC-13:30-CALL TP @ 0.00 pnl +152
  2026-09-10-MEIC-12:00-PUT TP @ 0.00 pnl +185
  2026-09-10-MEIC-12:30-PUT TP @ 0.00 pnl +190
  2026-09-10-MEIC-14:00-CALL TP @ 0.00 pnl +250
  2026-09-10-BAND-PUT TP @ 0.00 pnl +272
  2026-09-10-METF-10:45-CALL EXPIRED @ 0.00 pnl +183
  2026-09-10-METF-11:30-CALL EXPIRED @ 0.00 pnl +162
  2026-09-10-METF-13:30-CALL EXPIRED @ 0.00 pnl +152
  2026-09-10-METF-14:15-CALL EXPIRED @ 0.00 pnl +255
[16:05] contained=1 close 7591.74 band 7575-7625
paper run: day complete.
paper run 2026-09-10 | budget $3000 | gex negative
paper run: day complete.
