waiting 281s for 09:00 ET pre-market step
paper run 2026-10-07 | budget $5000 | gex positive
[10:00] METF SELL CALL 7810.0/7840.0 credit 1.70 stop 3.40
[10:15] PBW SKIP/CREDIT (-4.75)
[10:30] ORB BUY PUT 7770.0/7740.0 debit 7.75 stop 3.87
[10:30] band 7750-7795 em 19.3 skew 1.040
[10:45] METF SELL CALL 7795.0/7825.0 credit 1.75 stop 3.50
[11:30] METF SELL CALL 7800.0/7830.0 credit 1.62 stop 3.25
  2026-10-07-METF-10:45-CALL STOPPED @ 3.67 pnl -192
  2026-10-07-ORB-PUT STOPPED @ -3.67 pnl -408
  2026-10-07-METF-11:30-CALL STOPPED @ 3.42 pnl -180
[12:00] MEIC IRON_CONDOR credit 3.55 stop/side 3.55
[12:00] MNG SKIP/REGIME gex=positive
[12:30] METF SELL CALL 7815.0/7845.0 credit 1.60 stop 3.20
[12:30] MEIC IRON_CONDOR credit 3.45 stop/side 3.45
[12:30] MNG SKIP/REGIME gex=positive
[13:00] MEIC IRON_CONDOR credit 3.98 stop/side 3.98
[13:00] MNG SKIP/REGIME gex=positive
[13:00] FLY IRON_FLY @ 7790 credit 13.70 TP 10.27 SL 17.12
  2026-10-07-MEIC-13:00-CALL STOPPED @ 4.22 pnl -224
  2026-10-07-FLY-PUT STOPPED @ 2.38 pnl +420
  2026-10-07-FLY-CALL STOPPED @ 14.78 pnl -766
  2026-10-07-METF-10:00-CALL STOPPED @ 3.62 pnl -192
  2026-10-07-MEIC-12:00-CALL STOPPED @ 3.62 pnl -158
[13:30] METF SELL CALL 7815.0/7845.0 credit 1.65 stop 3.30
[13:30] MEIC IRON_CONDOR credit 3.30 stop/side 3.30
[13:30] MNG SKIP/REGIME gex=positive
[14:00] MEIC IRON_CONDOR credit 4.20 stop/side 4.20
[14:00] MNG SKIP/REGIME gex=positive
[14:15] METF SELL CALL 7810.0/7840.0 credit 1.65 stop 3.30
[14:30] MEIC IRON_CONDOR credit 3.17 stop/side 3.17
[14:30] MNG SKIP/REGIME gex=positive
  2026-10-07-MEIC-12:30-CALL TP @ 0.00 pnl +160
  2026-10-07-MEIC-13:30-CALL TP @ 0.00 pnl +165
  2026-10-07-MEIC-12:00-PUT TP @ 0.00 pnl +150
  2026-10-07-MEIC-12:30-PUT TP @ 0.00 pnl +185
  2026-10-07-MEIC-13:00-PUT TP @ 0.00 pnl +200
  2026-10-07-MEIC-13:30-PUT TP @ 0.00 pnl +165
  2026-10-07-MEIC-14:00-PUT TP @ 0.00 pnl +220
  2026-10-07-MEIC-14:30-PUT TP @ 0.03 pnl +150
  2026-10-07-MEIC-14:00-CALL TP @ 0.00 pnl +200
  2026-10-07-MEIC-14:30-CALL TP @ 0.00 pnl +165
  2026-10-07-METF-12:30-CALL EXPIRED @ 0.00 pnl +160
  2026-10-07-METF-13:30-CALL EXPIRED @ 0.00 pnl +165
  2026-10-07-METF-14:15-CALL EXPIRED @ 0.00 pnl +165
[16:05] contained=0 close 7801.77 band 7750-7795
paper run: day complete.
paper run 2026-10-07 | budget $5000 | gex positive
paper run: day complete.
